#! /mingw64/bin/vvp
:ivl_version "12.0 (stable)";
:ivl_delay_selection "TYPICAL";
:vpi_time_precision - 10;
:vpi_module "C:\msys64\mingw64\lib\ivl\system.vpi";
:vpi_module "C:\msys64\mingw64\lib\ivl\vhdl_sys.vpi";
:vpi_module "C:\msys64\mingw64\lib\ivl\vhdl_textio.vpi";
:vpi_module "C:\msys64\mingw64\lib\ivl\v2005_math.vpi";
:vpi_module "C:\msys64\mingw64\lib\ivl\va_math.vpi";
S_0000024a9ebed340 .scope module, "beeper_tb" "beeper_tb" 2 4;
 .timescale -9 -10;
v0000024a9ebed700_0 .var "clk", 0 0;
v0000024a9ebeaa80_0 .var "enable", 0 0;
v0000024a9ebeab20_0 .net "q", 0 0, v0000024a9eae6df0_0;  1 drivers
v0000024a9ebeabc0_0 .var "tone", 1 0;
E_0000024a9ebe8170 .event posedge, v0000024a9eae6df0_0;
S_0000024a9ebed4d0 .scope module, "beeper" "beeper" 2 13, 3 1 0, S_0000024a9ebed340;
 .timescale -9 -10;
    .port_info 0 /INPUT 1 "clk";
    .port_info 1 /INPUT 1 "enable";
    .port_info 2 /INPUT 2 "tone";
    .port_info 3 /OUTPUT 1 "q";
P_0000024a9ebe8e70 .param/l "WIDTH" 0 3 2, +C4<00000000000000000000000000000010>;
v0000024a9eae6bd0_0 .net "clk", 0 0, v0000024a9ebed700_0;  1 drivers
v0000024a9eb60f30_0 .var "ctr", 1 0;
v0000024a9eae6a40_0 .net "enable", 0 0, v0000024a9ebeaa80_0;  1 drivers
v0000024a9eae6df0_0 .var "q", 0 0;
v0000024a9ebed660_0 .net "tone", 1 0, v0000024a9ebeabc0_0;  1 drivers
E_0000024a9ebe83b0 .event posedge, v0000024a9eae6bd0_0;
    .scope S_0000024a9ebed4d0;
T_0 ;
    %pushi/vec4 1, 0, 1;
    %store/vec4 v0000024a9eae6df0_0, 0, 1;
    %pushi/vec4 0, 0, 2;
    %store/vec4 v0000024a9eb60f30_0, 0, 2;
    %end;
    .thread T_0;
    .scope S_0000024a9ebed4d0;
T_1 ;
    %wait E_0000024a9ebe83b0;
    %load/vec4 v0000024a9eae6a40_0;
    %nor/r;
    %flag_set/vec4 8;
    %jmp/0xz  T_1.0, 8;
    %pushi/vec4 1, 0, 1;
    %assign/vec4 v0000024a9eae6df0_0, 0;
    %pushi/vec4 0, 0, 2;
    %assign/vec4 v0000024a9eb60f30_0, 0;
    %jmp T_1.1;
T_1.0 ;
    %load/vec4 v0000024a9eb60f30_0;
    %load/vec4 v0000024a9ebed660_0;
    %cmp/e;
    %jmp/0xz  T_1.2, 4;
    %load/vec4 v0000024a9eae6df0_0;
    %inv;
    %assign/vec4 v0000024a9eae6df0_0, 0;
    %pushi/vec4 0, 0, 2;
    %assign/vec4 v0000024a9eb60f30_0, 0;
    %jmp T_1.3;
T_1.2 ;
    %load/vec4 v0000024a9eb60f30_0;
    %addi 1, 0, 2;
    %assign/vec4 v0000024a9eb60f30_0, 0;
T_1.3 ;
T_1.1 ;
    %jmp T_1;
    .thread T_1;
    .scope S_0000024a9ebed340;
T_2 ;
    %pushi/vec4 0, 0, 1;
    %store/vec4 v0000024a9ebed700_0, 0, 1;
    %pushi/vec4 0, 0, 1;
    %store/vec4 v0000024a9ebeaa80_0, 0, 1;
    %pushi/vec4 3, 0, 2;
    %store/vec4 v0000024a9ebeabc0_0, 0, 2;
    %end;
    .thread T_2;
    .scope S_0000024a9ebed340;
T_3 ;
    %delay 100, 0;
    %load/vec4 v0000024a9ebed700_0;
    %inv;
    %store/vec4 v0000024a9ebed700_0, 0, 1;
    %jmp T_3;
    .thread T_3;
    .scope S_0000024a9ebed340;
T_4 ;
    %vpi_call 2 16 "$dumpfile", "beeper.vcd" {0 0 0};
    %vpi_call 2 17 "$dumpvars" {0 0 0};
    %delay 300, 0;
    %wait E_0000024a9ebe83b0;
    %pushi/vec4 1, 0, 1;
    %store/vec4 v0000024a9ebeaa80_0, 0, 1;
    %delay 2000, 0;
    %wait E_0000024a9ebe8170;
    %pushi/vec4 2, 0, 2;
    %store/vec4 v0000024a9ebeabc0_0, 0, 2;
    %delay 2000, 0;
    %wait E_0000024a9ebe8170;
    %vpi_call 2 20 "$finish" {0 0 0};
    %end;
    .thread T_4;
# The file index is used to find the file name in the following table.
:file_names 4;
    "N/A";
    "<interactive>";
    "beeper_tb.v";
    "./beeper.v";
